// Jest Snapshot v1, https://goo.gl/fbAQLP

exports[`Testing Leaderboard it will create create snapshot 1`] = `
Object {
  "asFragment": [Function],
  "baseElement": <body>
    <div>
      <div
        class=" bg-light p-5 container"
      >
        <div
          class="text-center mt-3 row"
        >
          <h2
            class="text-primary"
          >
            Leaderboard
          </h2>
          <hr />
        </div>
        <div
          class="row"
        >
          <table
            class="table table-striped table-bordered table-hover"
            data-testid="UserList"
          >
            <thead>
              <tr>
                <th>
                   Name
                </th>
                <th>
                  Answered Questions
                </th>
                <th>
                  Created Questions
                </th>
              </tr>
            </thead>
            <tbody />
          </table>
        </div>
      </div>
    </div>
    <div>
      <div
        class=" bg-light p-5 container"
      >
        <div
          class="text-center mt-3 row"
        >
          <h2
            class="text-primary"
          >
            Leaderboard
          </h2>
          <hr />
        </div>
        <div
          class="row"
        >
          <table
            class="table table-striped table-bordered table-hover"
            data-testid="UserList"
          >
            <thead>
              <tr>
                <th>
                   Name
                </th>
                <th>
                  Answered Questions
                </th>
                <th>
                  Created Questions
                </th>
              </tr>
            </thead>
            <tbody />
          </table>
        </div>
      </div>
    </div>
  </body>,
  "container": <div>
    <div
      class=" bg-light p-5 container"
    >
      <div
        class="text-center mt-3 row"
      >
        <h2
          class="text-primary"
        >
          Leaderboard
        </h2>
        <hr />
      </div>
      <div
        class="row"
      >
        <table
          class="table table-striped table-bordered table-hover"
          data-testid="UserList"
        >
          <thead>
            <tr>
              <th>
                 Name
              </th>
              <th>
                Answered Questions
              </th>
              <th>
                Created Questions
              </th>
            </tr>
          </thead>
          <tbody />
        </table>
      </div>
    </div>
  </div>,
  "debug": [Function],
  "findAllByAltText": [Function],
  "findAllByDisplayValue": [Function],
  "findAllByLabelText": [Function],
  "findAllByPlaceholderText": [Function],
  "findAllByRole": [Function],
  "findAllByTestId": [Function],
  "findAllByText": [Function],
  "findAllByTitle": [Function],
  "findByAltText": [Function],
  "findByDisplayValue": [Function],
  "findByLabelText": [Function],
  "findByPlaceholderText": [Function],
  "findByRole": [Function],
  "findByTestId": [Function],
  "findByText": [Function],
  "findByTitle": [Function],
  "getAllByAltText": [Function],
  "getAllByDisplayValue": [Function],
  "getAllByLabelText": [Function],
  "getAllByPlaceholderText": [Function],
  "getAllByRole": [Function],
  "getAllByTestId": [Function],
  "getAllByText": [Function],
  "getAllByTitle": [Function],
  "getByAltText": [Function],
  "getByDisplayValue": [Function],
  "getByLabelText": [Function],
  "getByPlaceholderText": [Function],
  "getByRole": [Function],
  "getByTestId": [Function],
  "getByText": [Function],
  "getByTitle": [Function],
  "queryAllByAltText": [Function],
  "queryAllByDisplayValue": [Function],
  "queryAllByLabelText": [Function],
  "queryAllByPlaceholderText": [Function],
  "queryAllByRole": [Function],
  "queryAllByTestId": [Function],
  "queryAllByText": [Function],
  "queryAllByTitle": [Function],
  "queryByAltText": [Function],
  "queryByDisplayValue": [Function],
  "queryByLabelText": [Function],
  "queryByPlaceholderText": [Function],
  "queryByRole": [Function],
  "queryByTestId": [Function],
  "queryByText": [Function],
  "queryByTitle": [Function],
  "rerender": [Function],
  "unmount": [Function],
}
`;
