// Jest Snapshot v1, https://goo.gl/fbAQLP

exports[`Login will create create snapshot 1`] = `
Object {
  "asFragment": [Function],
  "baseElement": <body>
    <div>
      <div
        class="text-center m-5"
      >
        <h1>
          LOGIN 
        </h1>
        <div
          class="row"
        >
          <div
            class="col-sm"
          />
          <div
            class="col-sm"
          >
            <img
              alt="Logo"
              class=""
              src="login.jpg"
            />
          </div>
          <div
            class="col-sm"
          />
        </div>
        <div
          class="row"
        />
        <div
          class="mt-3 row"
        >
          <div
            class="col-sm"
          />
          <div
            class="col-sm"
          >
            <label
              class="h4"
            >
              UserName
            </label>
            <input
              class="form-control"
              data-testid="UserName"
              id="UserName"
              name="UserName"
              type="text"
            />
          </div>
          <div
            class="col-sm"
          />
        </div>
        <div
          class="mt-3 row"
        >
          <div
            class="col-sm"
          />
          <div
            class="col-sm"
          >
            <label
              class="h4"
            >
              Password
            </label>
            <input
              class="form-control"
              data-testid="Password"
              id="Password"
              name="Password"
              type="text"
            />
          </div>
          <div
            class="col-sm"
          />
        </div>
        <div
          class=" mt-3 row"
        >
          <div
            class="col-sm"
          />
          <div
            class="col-sm"
          >
            <button
              class="btn btn-primary btn-lg"
              data-testid="LoginButton"
              type="button"
            >
              Login
            </button>
          </div>
          <div
            class="col-sm"
          />
        </div>
      </div>
    </div>
  </body>,
  "container": <div>
    <div
      class="text-center m-5"
    >
      <h1>
        LOGIN 
      </h1>
      <div
        class="row"
      >
        <div
          class="col-sm"
        />
        <div
          class="col-sm"
        >
          <img
            alt="Logo"
            class=""
            src="login.jpg"
          />
        </div>
        <div
          class="col-sm"
        />
      </div>
      <div
        class="row"
      />
      <div
        class="mt-3 row"
      >
        <div
          class="col-sm"
        />
        <div
          class="col-sm"
        >
          <label
            class="h4"
          >
            UserName
          </label>
          <input
            class="form-control"
            data-testid="UserName"
            id="UserName"
            name="UserName"
            type="text"
          />
        </div>
        <div
          class="col-sm"
        />
      </div>
      <div
        class="mt-3 row"
      >
        <div
          class="col-sm"
        />
        <div
          class="col-sm"
        >
          <label
            class="h4"
          >
            Password
          </label>
          <input
            class="form-control"
            data-testid="Password"
            id="Password"
            name="Password"
            type="text"
          />
        </div>
        <div
          class="col-sm"
        />
      </div>
      <div
        class=" mt-3 row"
      >
        <div
          class="col-sm"
        />
        <div
          class="col-sm"
        >
          <button
            class="btn btn-primary btn-lg"
            data-testid="LoginButton"
            type="button"
          >
            Login
          </button>
        </div>
        <div
          class="col-sm"
        />
      </div>
    </div>
  </div>,
  "debug": [Function],
  "findAllByAltText": [Function],
  "findAllByDisplayValue": [Function],
  "findAllByLabelText": [Function],
  "findAllByPlaceholderText": [Function],
  "findAllByRole": [Function],
  "findAllByTestId": [Function],
  "findAllByText": [Function],
  "findAllByTitle": [Function],
  "findByAltText": [Function],
  "findByDisplayValue": [Function],
  "findByLabelText": [Function],
  "findByPlaceholderText": [Function],
  "findByRole": [Function],
  "findByTestId": [Function],
  "findByText": [Function],
  "findByTitle": [Function],
  "getAllByAltText": [Function],
  "getAllByDisplayValue": [Function],
  "getAllByLabelText": [Function],
  "getAllByPlaceholderText": [Function],
  "getAllByRole": [Function],
  "getAllByTestId": [Function],
  "getAllByText": [Function],
  "getAllByTitle": [Function],
  "getByAltText": [Function],
  "getByDisplayValue": [Function],
  "getByLabelText": [Function],
  "getByPlaceholderText": [Function],
  "getByRole": [Function],
  "getByTestId": [Function],
  "getByText": [Function],
  "getByTitle": [Function],
  "queryAllByAltText": [Function],
  "queryAllByDisplayValue": [Function],
  "queryAllByLabelText": [Function],
  "queryAllByPlaceholderText": [Function],
  "queryAllByRole": [Function],
  "queryAllByTestId": [Function],
  "queryAllByText": [Function],
  "queryAllByTitle": [Function],
  "queryByAltText": [Function],
  "queryByDisplayValue": [Function],
  "queryByLabelText": [Function],
  "queryByPlaceholderText": [Function],
  "queryByRole": [Function],
  "queryByTestId": [Function],
  "queryByText": [Function],
  "queryByTitle": [Function],
  "rerender": [Function],
  "unmount": [Function],
}
`;
